
> rc-app@2.0.0 type-check
> vue-tsc --build --force

